// Jest Snapshot v1, https://goo.gl/fbAQLP

exports[`PostmanMappedOperation should use the normalise the paths 1`] = `
PostmanMappedOperation {
  "id": "companiesOne",
  "method": "GET",
  "path": "/crm/companies/:id",
  "pathParams": Array [
    Object {
      "description": "(Required) ID of the record you are acting upon.",
      "name": "id",
      "value": "{{companyId}}",
    },
  ],
  "pathRef": "GET::/crm/companies/{id}",
  "pathRefVariable": "GET::/crm/companies/{{companyId}}",
  "queryParams": Array [
    Object {
      "name": "raw",
      "value": "true",
    },
  ],
  "request": Object {
    "auth": Object {
      "bearer": Array [
        Object {
          "key": "token",
          "type": "string",
          "value": "{{bearerToken}}",
        },
      ],
      "type": "bearer",
    },
    "description": Object {
      "content": "Get company",
      "type": "text/plain",
    },
    "header": Array [
      Object {
        "description": Object {
          "content": "(Required) ID of the consumer which you want to get or push data from",
          "type": "text/plain",
        },
        "key": "x-apideck-consumer-id",
        "value": "{{consumerId}}",
      },
      Object {
        "description": Object {
          "content": "(Required) The ID of your Unify application",
          "type": "text/plain",
        },
        "key": "x-apideck-app-id",
        "value": "{{applicationId}}",
      },
      Object {
        "description": Object {
          "content": "Provide the service id you want to call (e.g., pipedrive). [See the full list in the connector section.](#section/Connectors) Only needed when a consumer has activated multiple integrations for a Unified API.",
          "type": "text/plain",
        },
        "key": "x-apideck-service-id",
        "value": "{{serviceId}}",
      },
    ],
    "method": "GET",
    "url": Object {
      "host": Array [
        "{{baseUrl}}",
      ],
      "path": Array [
        "crm",
        "companies",
        ":id",
      ],
      "query": Array [
        Object {
          "description": Object {
            "content": "Include raw response. Mostly used for debugging purposes",
            "type": "text/plain",
          },
          "key": "raw",
          "value": "true",
        },
      ],
      "variable": Array [
        Object {
          "description": Object {
            "content": "(Required) ID of the record you are acting upon.",
            "type": "text/plain",
          },
          "key": "id",
          "type": "any",
          "value": "{{companyId}}",
        },
      ],
    },
  },
  "requestHeaders": Array [
    Object {
      "description": "(Required) ID of the consumer which you want to get or push data from",
      "name": "x-apideck-consumer-id",
      "value": "{{consumerId}}",
    },
    Object {
      "description": "(Required) The ID of your Unify application",
      "name": "x-apideck-app-id",
      "value": "{{applicationId}}",
    },
    Object {
      "description": "Provide the service id you want to call (e.g., pipedrive). [See the full list in the connector section.](#section/Connectors) Only needed when a consumer has activated multiple integrations for a Unified API.",
      "name": "x-apideck-service-id",
      "value": "{{serviceId}}",
    },
  ],
}
`;

exports[`PostmanMappedOperation should use the operationIdMap to add id 1`] = `
PostmanMappedOperation {
  "id": "companiesOne",
  "method": "GET",
  "path": "/crm/companies/:id",
  "pathParams": Array [
    Object {
      "description": "(Required) ID of the record you are acting upon.",
      "name": "id",
      "value": "{{companyId}}",
    },
  ],
  "pathRef": "GET::/crm/companies/{id}",
  "pathRefVariable": "GET::/crm/companies/{{companyId}}",
  "queryParams": Array [
    Object {
      "name": "raw",
      "value": "true",
    },
  ],
  "request": Object {
    "auth": Object {
      "bearer": Array [
        Object {
          "key": "token",
          "type": "string",
          "value": "{{bearerToken}}",
        },
      ],
      "type": "bearer",
    },
    "description": Object {
      "content": "Get company",
      "type": "text/plain",
    },
    "header": Array [
      Object {
        "description": Object {
          "content": "(Required) ID of the consumer which you want to get or push data from",
          "type": "text/plain",
        },
        "key": "x-apideck-consumer-id",
        "value": "{{consumerId}}",
      },
      Object {
        "description": Object {
          "content": "(Required) The ID of your Unify application",
          "type": "text/plain",
        },
        "key": "x-apideck-app-id",
        "value": "{{applicationId}}",
      },
      Object {
        "description": Object {
          "content": "Provide the service id you want to call (e.g., pipedrive). [See the full list in the connector section.](#section/Connectors) Only needed when a consumer has activated multiple integrations for a Unified API.",
          "type": "text/plain",
        },
        "key": "x-apideck-service-id",
        "value": "{{serviceId}}",
      },
    ],
    "method": "GET",
    "url": Object {
      "host": Array [
        "{{baseUrl}}",
      ],
      "path": Array [
        "crm",
        "companies",
        ":id",
      ],
      "query": Array [
        Object {
          "description": Object {
            "content": "Include raw response. Mostly used for debugging purposes",
            "type": "text/plain",
          },
          "key": "raw",
          "value": "true",
        },
      ],
      "variable": Array [
        Object {
          "description": Object {
            "content": "(Required) ID of the record you are acting upon.",
            "type": "text/plain",
          },
          "key": "id",
          "type": "any",
          "value": "{{companyId}}",
        },
      ],
    },
  },
  "requestHeaders": Array [
    Object {
      "description": "(Required) ID of the consumer which you want to get or push data from",
      "name": "x-apideck-consumer-id",
      "value": "{{consumerId}}",
    },
    Object {
      "description": "(Required) The ID of your Unify application",
      "name": "x-apideck-app-id",
      "value": "{{applicationId}}",
    },
    Object {
      "description": "Provide the service id you want to call (e.g., pipedrive). [See the full list in the connector section.](#section/Connectors) Only needed when a consumer has activated multiple integrations for a Unified API.",
      "name": "x-apideck-service-id",
      "value": "{{serviceId}}",
    },
  ],
}
`;
