// Jest Snapshot v1, https://goo.gl/fbAQLP

exports[`overwriteRequestSecurity should overwrite the request Oauth2 auth 1`] = `
{
  "oauth2": [
    {
      "key": "scope",
      "type": "any",
      "value": "{{PC_SCOPE}}",
    },
    {
      "key": "password",
      "type": "any",
      "value": "{{PC_PASSWORD}}",
    },
    {
      "key": "username",
      "type": "any",
      "value": "{{PC_USERNAME}}",
    },
    {
      "key": "clientSecret",
      "type": "any",
      "value": "{{PC_CLIENT_SECRET}}",
    },
    {
      "key": "clientId",
      "type": "any",
      "value": "{{PC_CLIENT_ID}}",
    },
    {
      "key": "accessTokenUrl",
      "type": "any",
      "value": "{{PC_ACCESS_TOKEN__URL}}",
    },
    {
      "key": "tokenName",
      "type": "any",
      "value": "{{PC_TOKEN_NAME}}",
    },
    {
      "key": "grant_type",
      "type": "any",
      "value": "password_credentials",
    },
    {
      "key": "refreshRequestParams",
      "type": "any",
      "value": [],
    },
    {
      "key": "tokenRequestParams",
      "type": "any",
      "value": [],
    },
    {
      "key": "authRequestParams",
      "type": "any",
      "value": [],
    },
    {
      "key": "challengeAlgorithm",
      "type": "any",
      "value": "S256",
    },
    {
      "key": "addTokenTo",
      "type": "any",
      "value": "header",
    },
    {
      "key": "client_authentication",
      "type": "any",
      "value": "body",
    },
  ],
  "type": "oauth2",
}
`;

exports[`overwriteRequestSecurity should overwrite the request apiKey definition 1`] = `
{
  "apikey": [
    {
      "key": "key",
      "type": "any",
      "value": "x-apideck-app-id",
    },
    {
      "key": "value",
      "type": "any",
      "value": "foo-bar-baz",
    },
  ],
  "type": "apikey",
}
`;

exports[`overwriteRequestSecurity should overwrite the request basic auth 1`] = `
{
  "basic": [
    {
      "key": "username",
      "type": "any",
      "value": "foo",
    },
    {
      "key": "password",
      "type": "any",
      "value": "bar",
    },
  ],
  "type": "basic",
}
`;

exports[`overwriteRequestSecurity should overwrite the request bearer token auth 1`] = `
{
  "bearer": [
    {
      "key": "token",
      "type": "any",
      "value": "foo",
    },
  ],
  "type": "bearer",
}
`;

exports[`overwriteRequestSecurity should remove the request bearer token auth 1`] = `
{
  "bearer": [],
  "noauth": [],
  "type": "noauth",
}
`;
