// Jest Snapshot v1, https://jestjs.io/docs/snapshot-testing

exports[`writeCollectionTestScripts should inject the configured TestScripts from file on collection 1`] = `
[
  [
    "pm.request.headers.add({ key: 'header_name', value: 'header_value' })
",
    "pm.collectionVariables.set('applicationId', pm.iterationData.get('applicationId') || '1111')
",
  ],
]
`;

exports[`writeCollectionTestScripts should inject the configured TestScripts on collection 1`] = `
[
  [
    "pm.request.headers.add({key: "header_name", value: "header_value" });
",
    "pm.collectionVariables.set("applicationId", pm.iterationData.get("applicationId") || "1111");
",
  ],
]
`;
